ASxxxx Linker V03.00 + NoICE + sdld,  page 1.
Hexadecimal  [32-Bits]

Area                                    Addr        Size        Decimal Bytes (Attributes)
--------------------------------        ----        ----        ------- ----- ------------
.  .ABS.                            00000000    00000000 =           0. bytes (ABS,CON)

      Value  Global                              Global Defined In Module
      -----  --------------------------------   ------------------------
     00000000  .__.ABS.                           
     00000000  l__CABS                         
     00000000  l__DABS                         
     00000000  l__GSFINAL                      
     00000000  l__GSINIT                       
     00000000  l__HOME                         
     00000000  s__CABS                         
     00000000  s__DABS                         
     00000004  l__DATA                         
     00000006  l__INITIALIZED                  
     00000006  l__INITIALIZER                  
     00000138  s__CODE                         
     0000493B  l__CODE                         
     00004A73  s__DATA                         
     00004A77  s__INITIALIZED                  
     00004A7D  s__GSFINAL                      
     00004A7D  s__GSINIT                       
     00004A7D  s__HOME                         
     00004A7D  s__INITIALIZER                  

ASxxxx Linker V03.00 + NoICE + sdld,  page 2.
Hexadecimal  [32-Bits]

Area                                    Addr        Size        Decimal Bytes (Attributes)
--------------------------------        ----        ----        ------- ----- ------------
_CODE                               00000138    0000493B =       18747. bytes (REL,CON)

      Value  Global                              Global Defined In Module
      -----  --------------------------------   ------------------------
     00000138  _g_tile_schtroumpf4x32_tileset     schtroumpf4x32
     00000148  _g_tile_schtroumpf4x32_0           schtroumpf4x32
     00000188  _g_tile_schtroumpf4x32_1           schtroumpf4x32
     000001C8  _g_tile_schtroumpf4x32_2           schtroumpf4x32
     00000208  _g_tile_schtroumpf4x32_3           schtroumpf4x32
     00000248  _g_tile_schtroumpf4x32_4           schtroumpf4x32
     00000288  _g_tile_schtroumpf4x32_5           schtroumpf4x32
     000002C8  _g_tile_schtroumpf4x32_6           schtroumpf4x32
     00000308  _g_tile_schtroumpf4x32_7           schtroumpf4x32
     00000348  _scroll_hard                       txt_scroll_hard
     000003CA  _texte                             txt_scroll_hard
     00000449  _g_tile_fontmap32x32plat_000       fontmap32x32plat
     00000489  _g_tile_fontmap32x32plat_001       fontmap32x32plat
     000004C9  _g_tile_fontmap32x32plat_002       fontmap32x32plat
     00000509  _g_tile_fontmap32x32plat_003       fontmap32x32plat
     00000549  _g_tile_fontmap32x32plat_004       fontmap32x32plat
     00000589  _g_tile_fontmap32x32plat_005       fontmap32x32plat
     000005C9  _g_tile_fontmap32x32plat_006       fontmap32x32plat
     00000609  _g_tile_fontmap32x32plat_007       fontmap32x32plat
     00000649  _g_tile_fontmap32x32plat_008       fontmap32x32plat
     00000689  _g_tile_fontmap32x32plat_009       fontmap32x32plat
     000006C9  _g_tile_fontmap32x32plat_010       fontmap32x32plat
     00000709  _g_tile_fontmap32x32plat_011       fontmap32x32plat
     00000749  _g_tile_fontmap32x32plat_012       fontmap32x32plat
     00000789  _g_tile_fontmap32x32plat_013       fontmap32x32plat
     000007C9  _g_tile_fontmap32x32plat_014       fontmap32x32plat
     00000809  _g_tile_fontmap32x32plat_015       fontmap32x32plat
     00000849  _g_tile_fontmap32x32plat_016       fontmap32x32plat
     00000889  _g_tile_fontmap32x32plat_017       fontmap32x32plat
     000008C9  _g_tile_fontmap32x32plat_018       fontmap32x32plat
     00000909  _g_tile_fontmap32x32plat_019       fontmap32x32plat
     00000949  _g_tile_fontmap32x32plat_020       fontmap32x32plat
     00000989  _g_tile_fontmap32x32plat_021       fontmap32x32plat
     000009C9  _g_tile_fontmap32x32plat_022       fontmap32x32plat
     00000A09  _g_tile_fontmap32x32plat_023       fontmap32x32plat
     00000A49  _g_tile_fontmap32x32plat_024       fontmap32x32plat
     00000A89  _g_tile_fontmap32x32plat_025       fontmap32x32plat
     00000AC9  _g_tile_fontmap32x32plat_026       fontmap32x32plat
     00000B09  _g_tile_fontmap32x32plat_027       fontmap32x32plat
     00000B49  _g_tile_fontmap32x32plat_028       fontmap32x32plat
     00000B89  _g_tile_fontmap32x32plat_029       fontmap32x32plat
     00000BC9  _g_tile_fontmap32x32plat_030       fontmap32x32plat
     00000C09  _g_tile_fontmap32x32plat_031       fontmap32x32plat
     00000C49  _g_tile_fontmap32x32plat_032       fontmap32x32plat
     00000C89  _g_tile_fontmap32x32plat_033       fontmap32x32plat
     00000CC9  _g_tile_fontmap32x32plat_034       fontmap32x32plat
     00000D09  _g_tile_fontmap32x32plat_035       fontmap32x32plat
     00000D49  _g_tile_fontmap32x32plat_036       fontmap32x32plat
     00000D89  _g_tile_fontmap32x32plat_037       fontmap32x32plat
     00000DC9  _g_tile_fontmap32x32plat_038       fontmap32x32plat
ASxxxx Linker V03.00 + NoICE + sdld,  page 3.
Hexadecimal  [32-Bits]

Area                                    Addr        Size        Decimal Bytes (Attributes)
--------------------------------        ----        ----        ------- ----- ------------
_CODE                               00000138    0000493B =       18747. bytes (REL,CON)

      Value  Global                              Global Defined In Module
      -----  --------------------------------   ------------------------
     00000E09  _g_tile_fontmap32x32plat_039       fontmap32x32plat
     00000E49  _g_tile_fontmap32x32plat_040       fontmap32x32plat
     00000E89  _g_tile_fontmap32x32plat_041       fontmap32x32plat
     00000EC9  _g_tile_fontmap32x32plat_042       fontmap32x32plat
     00000F09  _g_tile_fontmap32x32plat_043       fontmap32x32plat
     00000F49  _g_tile_fontmap32x32plat_044       fontmap32x32plat
     00000F89  _g_tile_fontmap32x32plat_045       fontmap32x32plat
     00000FC9  _g_tile_fontmap32x32plat_046       fontmap32x32plat
     00001009  _g_tile_fontmap32x32plat_047       fontmap32x32plat
     00001049  _g_tile_fontmap32x32plat_048       fontmap32x32plat
     00001089  _g_tile_fontmap32x32plat_049       fontmap32x32plat
     000010C9  _g_tile_fontmap32x32plat_050       fontmap32x32plat
     00001109  _g_tile_fontmap32x32plat_051       fontmap32x32plat
     00001149  _g_tile_fontmap32x32plat_052       fontmap32x32plat
     00001189  _g_tile_fontmap32x32plat_053       fontmap32x32plat
     000011C9  _g_tile_fontmap32x32plat_054       fontmap32x32plat
     00001209  _g_tile_fontmap32x32plat_055       fontmap32x32plat
     00001249  _g_tile_fontmap32x32plat_056       fontmap32x32plat
     00001289  _g_tile_fontmap32x32plat_057       fontmap32x32plat
     000012C9  _g_tile_fontmap32x32plat_058       fontmap32x32plat
     00001309  _g_tile_fontmap32x32plat_059       fontmap32x32plat
     00001349  _g_tile_fontmap32x32plat_060       fontmap32x32plat
     00001389  _g_tile_fontmap32x32plat_061       fontmap32x32plat
     000013C9  _g_tile_fontmap32x32plat_062       fontmap32x32plat
     00001409  _g_tile_fontmap32x32plat_063       fontmap32x32plat
     00001449  _g_tile_fontmap32x32plat_064       fontmap32x32plat
     00001489  _g_tile_fontmap32x32plat_065       fontmap32x32plat
     000014C9  _g_tile_fontmap32x32plat_066       fontmap32x32plat
     00001509  _g_tile_fontmap32x32plat_067       fontmap32x32plat
     00001549  _g_tile_fontmap32x32plat_068       fontmap32x32plat
     00001589  _g_tile_fontmap32x32plat_069       fontmap32x32plat
     000015C9  _g_tile_fontmap32x32plat_070       fontmap32x32plat
     00001609  _g_tile_fontmap32x32plat_071       fontmap32x32plat
     00001649  _g_tile_fontmap32x32plat_072       fontmap32x32plat
     00001689  _g_tile_fontmap32x32plat_073       fontmap32x32plat
     000016C9  _g_tile_fontmap32x32plat_074       fontmap32x32plat
     00001709  _g_tile_fontmap32x32plat_075       fontmap32x32plat
     00001749  _g_tile_fontmap32x32plat_076       fontmap32x32plat
     00001789  _g_tile_fontmap32x32plat_077       fontmap32x32plat
     000017C9  _g_tile_fontmap32x32plat_078       fontmap32x32plat
     00001809  _g_tile_fontmap32x32plat_079       fontmap32x32plat
     00001849  _g_tile_fontmap32x32plat_080       fontmap32x32plat
     00001889  _g_tile_fontmap32x32plat_081       fontmap32x32plat
     000018C9  _g_tile_fontmap32x32plat_082       fontmap32x32plat
     00001909  _g_tile_fontmap32x32plat_083       fontmap32x32plat
     00001949  _g_tile_fontmap32x32plat_084       fontmap32x32plat
     00001989  _g_tile_fontmap32x32plat_085       fontmap32x32plat
     000019C9  _g_tile_fontmap32x32plat_086       fontmap32x32plat
     00001A09  _g_tile_fontmap32x32plat_087       fontmap32x32plat
     00001A49  _g_tile_fontmap32x32plat_088       fontmap32x32plat
     00001A89  _g_tile_fontmap32x32plat_089       fontmap32x32plat
ASxxxx Linker V03.00 + NoICE + sdld,  page 4.
Hexadecimal  [32-Bits]

Area                                    Addr        Size        Decimal Bytes (Attributes)
--------------------------------        ----        ----        ------- ----- ------------
_CODE                               00000138    0000493B =       18747. bytes (REL,CON)

      Value  Global                              Global Defined In Module
      -----  --------------------------------   ------------------------
     00001AC9  _g_tile_fontmap32x32plat_090       fontmap32x32plat
     00001B09  _g_tile_fontmap32x32plat_091       fontmap32x32plat
     00001B49  _g_tile_fontmap32x32plat_092       fontmap32x32plat
     00001B89  _g_tile_fontmap32x32plat_093       fontmap32x32plat
     00001BC9  _g_tile_fontmap32x32plat_094       fontmap32x32plat
     00001C09  _g_tile_fontmap32x32plat_095       fontmap32x32plat
     00001C49  _g_tile_fontmap32x32plat_096       fontmap32x32plat
     00001C89  _g_tile_fontmap32x32plat_097       fontmap32x32plat
     00001CC9  _g_tile_fontmap32x32plat_098       fontmap32x32plat
     00001D09  _g_tile_fontmap32x32plat_099       fontmap32x32plat
     00001D49  _g_tile_fontmap32x32plat_100       fontmap32x32plat
     00001D89  _g_tile_fontmap32x32plat_101       fontmap32x32plat
     00001DC9  _g_tile_fontmap32x32plat_102       fontmap32x32plat
     00001E09  _g_tile_fontmap32x32plat_103       fontmap32x32plat
     00001E49  _g_tile_fontmap32x32plat_104       fontmap32x32plat
     00001E89  _g_tile_fontmap32x32plat_105       fontmap32x32plat
     00001EC9  _g_tile_fontmap32x32plat_106       fontmap32x32plat
     00001F09  _g_tile_fontmap32x32plat_107       fontmap32x32plat
     00001F49  _g_tile_fontmap32x32plat_108       fontmap32x32plat
     00001F89  _g_tile_fontmap32x32plat_109       fontmap32x32plat
     00001FC9  _g_tile_fontmap32x32plat_110       fontmap32x32plat
     00002009  _g_tile_fontmap32x32plat_111       fontmap32x32plat
     00002049  _g_tile_fontmap32x32plat_112       fontmap32x32plat
     00002089  _g_tile_fontmap32x32plat_113       fontmap32x32plat
     000020C9  _g_tile_fontmap32x32plat_114       fontmap32x32plat
     00002109  _g_tile_fontmap32x32plat_115       fontmap32x32plat
     00002149  _g_tile_fontmap32x32plat_116       fontmap32x32plat
     00002189  _g_tile_fontmap32x32plat_117       fontmap32x32plat
     000021C9  _g_tile_fontmap32x32plat_118       fontmap32x32plat
     00002209  _g_tile_fontmap32x32plat_119       fontmap32x32plat
     00002249  _g_tile_fontmap32x32plat_120       fontmap32x32plat
     00002289  _g_tile_fontmap32x32plat_121       fontmap32x32plat
     000022C9  _g_tile_fontmap32x32plat_122       fontmap32x32plat
     00002309  _g_tile_fontmap32x32plat_123       fontmap32x32plat
     00002349  _g_tile_fontmap32x32plat_124       fontmap32x32plat
     00002389  _g_tile_fontmap32x32plat_125       fontmap32x32plat
     000023C9  _g_tile_fontmap32x32plat_126       fontmap32x32plat
     00002409  _g_tile_fontmap32x32plat_127       fontmap32x32plat
     00002449  _g_tile_fontmap32x32plat_128       fontmap32x32plat
     00002489  _g_tile_fontmap32x32plat_129       fontmap32x32plat
     000024C9  _g_tile_fontmap32x32plat_130       fontmap32x32plat
     00002509  _g_tile_fontmap32x32plat_131       fontmap32x32plat
     00002549  _g_tile_fontmap32x32plat_132       fontmap32x32plat
     00002589  _g_tile_fontmap32x32plat_133       fontmap32x32plat
     000025C9  _g_tile_fontmap32x32plat_134       fontmap32x32plat
     00002609  _g_tile_fontmap32x32plat_135       fontmap32x32plat
     00002649  _g_tile_fontmap32x32plat_136       fontmap32x32plat
     00002689  _g_tile_fontmap32x32plat_137       fontmap32x32plat
     000026C9  _g_tile_fontmap32x32plat_138       fontmap32x32plat
     00002709  _g_tile_fontmap32x32plat_139       fontmap32x32plat
     00002749  _g_tile_fontmap32x32plat_140       fontmap32x32plat
ASxxxx Linker V03.00 + NoICE + sdld,  page 5.
Hexadecimal  [32-Bits]

Area                                    Addr        Size        Decimal Bytes (Attributes)
--------------------------------        ----        ----        ------- ----- ------------
_CODE                               00000138    0000493B =       18747. bytes (REL,CON)

      Value  Global                              Global Defined In Module
      -----  --------------------------------   ------------------------
     00002789  _g_tile_fontmap32x32plat_141       fontmap32x32plat
     000027C9  _g_tile_fontmap32x32plat_142       fontmap32x32plat
     00002809  _g_tile_fontmap32x32plat_143       fontmap32x32plat
     00002849  _g_tile_fontmap32x32plat_144       fontmap32x32plat
     00002889  _g_tile_fontmap32x32plat_145       fontmap32x32plat
     000028C9  _g_tile_fontmap32x32plat_146       fontmap32x32plat
     00002909  _g_tile_fontmap32x32plat_147       fontmap32x32plat
     00002949  _g_tile_fontmap32x32plat_148       fontmap32x32plat
     00002989  _g_tile_fontmap32x32plat_149       fontmap32x32plat
     000029C9  _g_tile_fontmap32x32plat_150       fontmap32x32plat
     00002A09  _g_tile_fontmap32x32plat_151       fontmap32x32plat
     00002A49  _g_tile_fontmap32x32plat_152       fontmap32x32plat
     00002A89  _g_tile_fontmap32x32plat_153       fontmap32x32plat
     00002AC9  _g_tile_fontmap32x32plat_154       fontmap32x32plat
     00002B09  _g_tile_fontmap32x32plat_155       fontmap32x32plat
     00002B49  _g_tile_fontmap32x32plat_156       fontmap32x32plat
     00002B89  _g_tile_fontmap32x32plat_157       fontmap32x32plat
     00002BC9  _g_tile_fontmap32x32plat_158       fontmap32x32plat
     00002C09  _g_tile_fontmap32x32plat_159       fontmap32x32plat
     00002C49  _g_tile_fontmap32x32plat_160       fontmap32x32plat
     00002C89  _g_tile_fontmap32x32plat_161       fontmap32x32plat
     00002CC9  _g_tile_fontmap32x32plat_162       fontmap32x32plat
     00002D09  _g_tile_fontmap32x32plat_163       fontmap32x32plat
     00002D49  _g_tile_fontmap32x32plat_164       fontmap32x32plat
     00002D89  _g_tile_fontmap32x32plat_165       fontmap32x32plat
     00002DC9  _g_tile_fontmap32x32plat_166       fontmap32x32plat
     00002E09  _g_tile_fontmap32x32plat_167       fontmap32x32plat
     00002E49  _g_tile_fontmap32x32plat_168       fontmap32x32plat
     00002E89  _g_tile_fontmap32x32plat_169       fontmap32x32plat
     00002EC9  _g_tile_fontmap32x32plat_170       fontmap32x32plat
     00002F09  _g_tile_fontmap32x32plat_171       fontmap32x32plat
     00002F49  _g_tile_fontmap32x32plat_172       fontmap32x32plat
     00002F89  _g_tile_fontmap32x32plat_173       fontmap32x32plat
     00002FC9  _g_tile_fontmap32x32plat_174       fontmap32x32plat
     00003009  _g_tile_fontmap32x32plat_175       fontmap32x32plat
     00003049  _g_tile_fontmap32x32plat_176       fontmap32x32plat
     00003089  _g_tile_fontmap32x32plat_177       fontmap32x32plat
     000030C9  _g_tile_fontmap32x32plat_178       fontmap32x32plat
     00003109  _g_tile_fontmap32x32plat_179       fontmap32x32plat
     00003149  _g_tile_fontmap32x32plat_180       fontmap32x32plat
     00003189  _g_tile_fontmap32x32plat_181       fontmap32x32plat
     000031C9  _g_tile_fontmap32x32plat_182       fontmap32x32plat
     00003209  _g_tile_fontmap32x32plat_183       fontmap32x32plat
     00003249  _g_tile_fontmap32x32plat_184       fontmap32x32plat
     00003289  _g_tile_fontmap32x32plat_185       fontmap32x32plat
     000032C9  _g_tile_fontmap32x32plat_186       fontmap32x32plat
     00003309  _g_tile_fontmap32x32plat_187       fontmap32x32plat
     00003349  _g_tile_fontmap32x32plat_188       fontmap32x32plat
     00003389  _g_tile_fontmap32x32plat_189       fontmap32x32plat
     000033C9  _g_tile_fontmap32x32plat_190       fontmap32x32plat
     00003409  _g_tile_fontmap32x32plat_191       fontmap32x32plat
ASxxxx Linker V03.00 + NoICE + sdld,  page 6.
Hexadecimal  [32-Bits]

Area                                    Addr        Size        Decimal Bytes (Attributes)
--------------------------------        ----        ----        ------- ----- ------------
_CODE                               00000138    0000493B =       18747. bytes (REL,CON)

      Value  Global                              Global Defined In Module
      -----  --------------------------------   ------------------------
     00003449  _g_tile_fontmap32x32plat_192       fontmap32x32plat
     00003489  _g_tile_fontmap32x32plat_193       fontmap32x32plat
     000034C9  _g_tile_fontmap32x32plat_194       fontmap32x32plat
     00003509  _g_tile_fontmap32x32plat_195       fontmap32x32plat
     00003549  _g_tile_fontmap32x32plat_196       fontmap32x32plat
     00003589  _g_tile_fontmap32x32plat_197       fontmap32x32plat
     000035C9  _g_tile_fontmap32x32plat_198       fontmap32x32plat
     00003609  _g_tile_fontmap32x32plat_199       fontmap32x32plat
     00003649  _g_tile_fontmap32x32plat_200       fontmap32x32plat
     00003689  _g_tile_fontmap32x32plat_201       fontmap32x32plat
     000036C9  _g_tile_fontmap32x32plat_202       fontmap32x32plat
     00003709  _g_tile_fontmap32x32plat_203       fontmap32x32plat
     00003749  _g_tile_fontmap32x32plat_204       fontmap32x32plat
     00003789  _g_tile_fontmap32x32plat_205       fontmap32x32plat
     000037C9  _g_tile_fontmap32x32plat_206       fontmap32x32plat
     00003809  _g_tile_fontmap32x32plat_207       fontmap32x32plat
     00003849  _g_tile_fontmap32x32plat_208       fontmap32x32plat
     00003889  _g_tile_fontmap32x32plat_209       fontmap32x32plat
     000038C9  _g_tile_fontmap32x32plat_210       fontmap32x32plat
     00003909  _g_tile_fontmap32x32plat_211       fontmap32x32plat
     00003949  _g_tile_fontmap32x32plat_212       fontmap32x32plat
     00003989  _g_tile_fontmap32x32plat_213       fontmap32x32plat
     000039C9  _g_tile_fontmap32x32plat_214       fontmap32x32plat
     00003A09  _g_tile_fontmap32x32plat_215       fontmap32x32plat
     00003A49  _g_tile_fontmap32x32plat_216       fontmap32x32plat
     00003A89  _g_tile_fontmap32x32plat_217       fontmap32x32plat
     00003AC9  _g_tile_fontmap32x32plat_218       fontmap32x32plat
     00003B09  _g_tile_fontmap32x32plat_219       fontmap32x32plat
     00003B49  _g_tile_fontmap32x32plat_220       fontmap32x32plat
     00003B89  _g_tile_fontmap32x32plat_221       fontmap32x32plat
     00003BC9  _g_tile_fontmap32x32plat_222       fontmap32x32plat
     00003C09  _g_tile_fontmap32x32plat_223       fontmap32x32plat
     00003C49  _g_tile_fontmap32x32plat_224       fontmap32x32plat
     00003C89  _g_tile_fontmap32x32plat_225       fontmap32x32plat
     00003CC9  _g_tile_fontmap32x32plat_226       fontmap32x32plat
     00003D09  _g_tile_fontmap32x32plat_227       fontmap32x32plat
     00003D49  _g_tile_fontmap32x32plat_228       fontmap32x32plat
     00003D89  _g_tile_fontmap32x32plat_229       fontmap32x32plat
     00003DC9  _g_tile_fontmap32x32plat_230       fontmap32x32plat
     00003E09  _g_tile_fontmap32x32plat_231       fontmap32x32plat
     00003E49  _g_tile_fontmap32x32plat_232       fontmap32x32plat
     00003E89  _g_tile_fontmap32x32plat_233       fontmap32x32plat
     00003EC9  _g_tile_fontmap32x32plat_234       fontmap32x32plat
     00003F09  _g_tile_fontmap32x32plat_235       fontmap32x32plat
     00003F49  _g_tile_fontmap32x32plat_236       fontmap32x32plat
     00003F89  _g_tile_fontmap32x32plat_237       fontmap32x32plat
     00003FC9  _g_tile_fontmap32x32plat_238       fontmap32x32plat
     00004009  _g_tile_fontmap32x32plat_239       fontmap32x32plat
     00004049  _akp_musicInit                     audio
     0000406C  _akp_musicPlay                     audio
     0000408C  _akp_sfxPlay                       audio
ASxxxx Linker V03.00 + NoICE + sdld,  page 7.
Hexadecimal  [32-Bits]

Area                                    Addr        Size        Decimal Bytes (Attributes)
--------------------------------        ----        ----        ------- ----- ------------
_CODE                               00000138    0000493B =       18747. bytes (REL,CON)

      Value  Global                              Global Defined In Module
      -----  --------------------------------   ------------------------
     000040AC  _crtc                              main
     000040CC  _g_items_0                         main
     000040EC  _myInterruptHandler                main
     0000418C  _main                              main
     00004264  _vsync                             jdvapi_sync
     00004272  _raster_halt                       jdvapi_sync
     0000427B  _callback                          jdvapi_sync
     0000427F  _raster_handler                    jdvapi_sync
     000042C2  _raster                            jdvapi_sync
     000042D1  _handle_raster                     jdvapi_sync
     000042E2  _halt                              jdvapi_sync
     000042E4  _calqueC000                        jdvapi_sync
     000042EF  _calque8000                        jdvapi_sync
     000042FA  _calque4000                        jdvapi_sync
     00004305  _calque4C00                        jdvapi_sync
     00004310  _bank0123                          jdvapi_sync
     00004316  _bank7_C000                        jdvapi_sync
     0000431C  _bank4_4000                        jdvapi_sync
     00004322  _bank5_4000                        jdvapi_sync
     00004328  _bank6_4000                        jdvapi_sync
     0000432E  _bank7_4000                        jdvapi_sync
     00004334  _overscanH                         jdvapi_sync
     0000435D  _scan                              jdvapi_sync
     00004386  _killVBL                           rupture
     00004397  _restoreVBL                        rupture
     000043A3  _rupture                           rupture
     000043C3  _g_tile_palette                    schtroumpf
     000043C9  _g_tile_schtroumpf                 schtroumpf
     000047C9  _cpct_setPalette                   cpct_video
     000047E0  _cpct_setPALColour                 cpct_video
     000047EC  _cpct_setVideoMemoryOffset         cpct_video
     000047EC  cpct_setVideoMemoryOffset_asm      cpct_video
     000047F5  _cpct_drawSprite                   cpct_sprites
     0000489A  _cpct_drawSpriteMasked             cpct_sprites
     000048C9  _cpct_memset_f64                   cpct_memutils
     00004911  _cpct_setStackLocation             cpct_memutils
     00004911  cpct_setStackLocation_asm          cpct_memutils
     00004915  ___sdcc_call_hl                    
     00004916  _cpct_hflipSpriteM0                cpct_sprites
     0000495A  _cpct_waitVSYNC                    cpct_video
     0000495A  cpct_waitVSYNC_asm                 cpct_video
     00004962  _cpct_setVideoMode                 cpct_video
     00004970  _cpct_memcpy                       cpct_memutils
     00004978  _cpct_disableFirmware              cpct_firmware
     00004978  _cpct_removeInterruptHandler       cpct_firmware
     00004978  cpct_disableFirmware_asm           cpct_firmware
     00004978  cpct_removeInterruptHandler_asm    cpct_firmware
     00004988  __modschar                         
     00004995  __modsint                          
     000049A1  _cpct_mode_rom_status              cpct_firmware
     000049A2  _cpct_getScreenPtr                 cpct_video
ASxxxx Linker V03.00 + NoICE + sdld,  page 8.
Hexadecimal  [32-Bits]

Area                                    Addr        Size        Decimal Bytes (Attributes)
--------------------------------        ----        ----        ------- ----- ------------
_CODE                               00000138    0000493B =       18747. bytes (REL,CON)

      Value  Global                              Global Defined In Module
      -----  --------------------------------   ------------------------
     000049C2  _cpct_setInterruptHandler          cpct_firmware
     000049C2  cpct_setInterruptHandler_asm       cpct_firmware
     000049D3  cpct_safeInterruptHandlerHook      cpct_firmware
     000049EA  __divsint                          
     000049F3  __divschar                         
     000049FA  __div8                             
     000049FE  __div_signexte                     
     00004A02  __div16                            
     00004A28  __get_remainder                    
     00004A32  __divuint                          
     00004A3A  __divuchar                         
     00004A41  __divu8                            
     00004A44  __divu16                           
ASxxxx Linker V03.00 + NoICE + sdld,  page 9.
Hexadecimal  [32-Bits]

Area                                    Addr        Size        Decimal Bytes (Attributes)
--------------------------------        ----        ----        ------- ----- ------------
_DATA                               00004A73    00000004 =           4. bytes (REL,CON)

      Value  Global                              Global Defined In Module
      -----  --------------------------------   ------------------------
     00004A73  _screen_location                   main
     00004A75  _screen_plot_address               main

ASxxxx Linker V03.00 + NoICE + sdld,  page 10.
Hexadecimal  [32-Bits]

Area                                    Addr        Size        Decimal Bytes (Attributes)
--------------------------------        ----        ----        ------- ----- ------------
_INITIALIZED                        00004A77    00000006 =           6. bytes (REL,CON)

      Value  Global                              Global Defined In Module
      -----  --------------------------------   ------------------------
     00004A77  _intCounter                        main
     00004A78  _callback_counter                  jdvapi_sync
     00004A79  _aFunction                         jdvapi_sync
     00004A7B  _vblPosition                       rupture

ASxxxx Linker V03.00 + NoICE + sdld,  page 11.
Hexadecimal  [32-Bits]

Area                                    Addr        Size        Decimal Bytes (Attributes)
--------------------------------        ----        ----        ------- ----- ------------
_INITIALIZER                        00004A7D    00000006 =           6. bytes (REL,CON)

      Value  Global                              Global Defined In Module
      -----  --------------------------------   ------------------------
ASxxxx Linker V03.00 + NoICE + sdld,  page 12.

Files Linked                              [ module(s) ]

obj/schtroumpf4x32.rel                    [ schtroumpf4x32 ]
obj/txt_scroll_hard.rel                   [ txt_scroll_hard ]
obj/fontmap32x32plat.rel                  [ fontmap32x32plat ]
obj/audio.rel                             [ audio ]
obj/main.rel                              [ main ]
obj/jdvapi_sync.rel                       [ jdvapi_sync ]
obj/rupture.rel                           [ rupture ]
obj/schtroumpf.rel                        [ schtroumpf ]


Libraries Linked                          [ object file ]

/home/freemac/cpctelera/cpctelera/cpctelera.lib
                                          [ cpct_setPalette_cbindings.rel ]
/home/freemac/cpctelera/cpctelera/cpctelera.lib
                                          [ cpct_setPALColour_cbindings.rel ]
/home/freemac/cpctelera/cpctelera/cpctelera.lib
                                          [ cpct_setVideoMemoryOffset.rel ]
/home/freemac/cpctelera/cpctelera/cpctelera.lib
                                          [ cpct_drawSprite_cbindings.rel ]
/home/freemac/cpctelera/cpctelera/cpctelera.lib
                                          [ cpct_drawSpriteMasked_cbindings. ]
/home/freemac/cpctelera/cpctelera/cpctelera.lib
                                          [ cpct_memset_f64_cbinding.rel ]
/home/freemac/cpctelera/cpctelera/cpctelera.lib
                                          [ cpct_setStackLocation.rel ]
/home/freemac/cpctelera/cpctelera/tools/sdcc-3.6.8-r9946/bin/../share/sdcc/lib/z80/z80.lib
                                          [ __sdcc_call_hl.rel ]
/home/freemac/cpctelera/cpctelera/cpctelera.lib
                                          [ cpct_hflipSpriteM0_cbindings.rel ]
/home/freemac/cpctelera/cpctelera/cpctelera.lib
                                          [ cpct_waitVSYNC.rel ]
/home/freemac/cpctelera/cpctelera/cpctelera.lib
                                          [ cpct_setVideoMode_cbindings.rel ]
/home/freemac/cpctelera/cpctelera/cpctelera.lib
                                          [ cpct_memcpy_cbindings.rel ]
/home/freemac/cpctelera/cpctelera/cpctelera.lib
                                          [ cpct_removeInterruptHandler.rel ]
/home/freemac/cpctelera/cpctelera/tools/sdcc-3.6.8-r9946/bin/../share/sdcc/lib/z80/z80.lib
                                          [ modsigned.rel ]
/home/freemac/cpctelera/cpctelera/cpctelera.lib
                                          [ cpc_mode_rom_status.rel ]
/home/freemac/cpctelera/cpctelera/cpctelera.lib
                                          [ cpct_getScreenPtr_cbindings.rel ]
/home/freemac/cpctelera/cpctelera/cpctelera.lib
                                          [ cpct_setInterruptHandler.rel ]
/home/freemac/cpctelera/cpctelera/tools/sdcc-3.6.8-r9946/bin/../share/sdcc/lib/z80/z80.lib
                                          [ divsigned.rel ]
/home/freemac/cpctelera/cpctelera/tools/sdcc-3.6.8-r9946/bin/../share/sdcc/lib/z80/z80.lib
                                          [ divunsigned.rel ]

ASxxxx Linker V03.00 + NoICE + sdld,  page 13.

User Base Address Definitions

_CODE = 0x0138
_DATA = 0x0000

