ASxxxx Linker V03.00 + NoICE + sdld,  page 1.
Hexadecimal  [32-Bits]

Area                                    Addr        Size        Decimal Bytes (Attributes)
--------------------------------        ----        ----        ------- ----- ------------
.  .ABS.                            00000000    00000000 =           0. bytes (ABS,CON)

      Value  Global                              Global Defined In Module
      -----  --------------------------------   ------------------------
     00000000  .__.ABS.                           cpct_strings
     00000000  l__CABS                         
     00000000  l__DABS                         
     00000000  l__GSFINAL                      
     00000000  l__GSINIT                       
     00000000  l__HOME                         
     00000000  s__CABS                         
     00000000  s__DABS                         
     00000002  l__DATA                         
     00000009  l__INITIALIZED                  
     00000009  l__INITIALIZER                  
     00000138  s__CODE                         
     00002511  l__CODE                         
     00002649  s__DATA                         
     0000264B  s__INITIALIZED                  
     00002654  s__GSFINAL                      
     00002654  s__GSINIT                       
     00002654  s__HOME                         
     00002654  s__INITIALIZER                  

ASxxxx Linker V03.00 + NoICE + sdld,  page 2.
Hexadecimal  [32-Bits]

Area                                    Addr        Size        Decimal Bytes (Attributes)
--------------------------------        ----        ----        ------- ----- ------------
_CODE                               00000138    00002511 =        9489. bytes (REL,CON)

      Value  Global                              Global Defined In Module
      -----  --------------------------------   ------------------------
     00000138  _scroll                            txt_scroll
     000001F6  _killVBL                           txt_scroll
     00000207  _restoreVBL                        txt_scroll
     00000213  _rupture                           txt_scroll
     00000233  _SetupDOS                          jdvapi_floppy
     0000024B  _start222                          jdvapi_floppy
     0000025B  _LoadFile                          jdvapi_floppy
     00000288  _akp_musicInit                     audio
     000002C8  _liste1                            audio
     000002CA  _liste2                            audio
     000002CC  _effets1                           audio
     0000030D  _effets2                           audio
     00000333  _akp_musicPlay                     audio
     00000353  _akp_sfxPlay                       audio
     00000373  _monterDerniereColonne             main
     000003D8  _g_items_0                         main
     000003F8  _myInterruptHandler                main
     0000048C  _main                              main
     00000628  _vsync                             jdvapi_sync
     00000636  _raster_halt                       jdvapi_sync
     0000063F  _callback                          jdvapi_sync
     00000643  _raster_handler                    jdvapi_sync
     00000686  _raster                            jdvapi_sync
     00000695  _handle_raster                     jdvapi_sync
     000006A6  _halt                              jdvapi_sync
     000006A8  _calqueC000                        jdvapi_sync
     000006B3  _calque4000                        jdvapi_sync
     000006BE  _calque4C00                        jdvapi_sync
     000006C9  _bank0123                          jdvapi_sync
     000006CF  _bank7_C000                        jdvapi_sync
     000006D5  _bank4_4000                        jdvapi_sync
     000006DB  _bank5_4000                        jdvapi_sync
     000006E1  _bank6_4000                        jdvapi_sync
     000006E7  _bank7_4000                        jdvapi_sync
     000006ED  _overscanH                         jdvapi_sync
     00000716  _scan                              jdvapi_sync
     0000073F  _g_tile_palette                    schtroumpf
     00000745  _g_tile_schtroumpf                 schtroumpf
     00000B45  _g_tile_tileset                    fontmap20x22
     00000B79  _g_tile_fontmap20x22_00            fontmap20x22
     00000C55  _g_tile_fontmap20x22_01            fontmap20x22
     00000D31  _g_tile_fontmap20x22_02            fontmap20x22
     00000E0D  _g_tile_fontmap20x22_03            fontmap20x22
     00000EE9  _g_tile_fontmap20x22_04            fontmap20x22
     00000FC5  _g_tile_fontmap20x22_05            fontmap20x22
     000010A1  _g_tile_fontmap20x22_06            fontmap20x22
     0000117D  _g_tile_fontmap20x22_07            fontmap20x22
     00001259  _g_tile_fontmap20x22_08            fontmap20x22
     00001335  _g_tile_fontmap20x22_09            fontmap20x22
     00001411  _g_tile_fontmap20x22_10            fontmap20x22
ASxxxx Linker V03.00 + NoICE + sdld,  page 3.
Hexadecimal  [32-Bits]

Area                                    Addr        Size        Decimal Bytes (Attributes)
--------------------------------        ----        ----        ------- ----- ------------
_CODE                               00000138    00002511 =        9489. bytes (REL,CON)

      Value  Global                              Global Defined In Module
      -----  --------------------------------   ------------------------
     000014ED  _g_tile_fontmap20x22_11            fontmap20x22
     000015C9  _g_tile_fontmap20x22_12            fontmap20x22
     000016A5  _g_tile_fontmap20x22_13            fontmap20x22
     00001781  _g_tile_fontmap20x22_14            fontmap20x22
     0000185D  _g_tile_fontmap20x22_15            fontmap20x22
     00001939  _g_tile_fontmap20x22_16            fontmap20x22
     00001A15  _g_tile_fontmap20x22_17            fontmap20x22
     00001AF1  _g_tile_fontmap20x22_18            fontmap20x22
     00001BCD  _g_tile_fontmap20x22_19            fontmap20x22
     00001CA9  _g_tile_fontmap20x22_20            fontmap20x22
     00001D85  _g_tile_fontmap20x22_21            fontmap20x22
     00001E61  _g_tile_fontmap20x22_22            fontmap20x22
     00001F3D  _g_tile_fontmap20x22_23            fontmap20x22
     00002019  _g_tile_fontmap20x22_24            fontmap20x22
     000020F5  _g_tile_fontmap20x22_25            fontmap20x22
     000021D1  _cpct_setPalette                   cpct_video
     000021E8  _cpct_isKeyPressed                 cpct_keyboard
     000021E8  cpct_isKeyPressed_asm              cpct_keyboard
     000021F4  _cpct_scanKeyboard_f               cpct_keyboard
     000021F4  cpct_scanKeyboard_f_asm            cpct_keyboard
     0000225E  _cpct_setPALColour                 cpct_video
     0000226A  _cpct_setVideoMemoryOffset         cpct_video
     0000226A  cpct_setVideoMemoryOffset_asm      cpct_video
     00002273  _cpct_drawSprite                   cpct_sprites
     00002318  __moduchar                         
     00002324  __moduint                          
     0000232F  __divuint                          
     00002337  __divuchar                         
     0000233E  __divu8                            
     00002341  __divu16                           
     00002370  _cpct_keyboardStatusBuffer         cpct_keyboard
     0000237A  _cpct_setSeed_mxor                 cpct_random
     0000237A  cpct_setSeed_mxor_asm              cpct_random
     00002382  _cpct_restoreState_mxor_u8         cpct_random
     00002382  cpct_restoreState_mxor_u8_asm      cpct_random
     00002388  _cpct_getRandom_mxor_u8            cpct_random
     00002388  cpct_getRandom_mxor_u8             cpct_random
     00002389  cpct_randomIdx_mxor_u8             cpct_random
     000023AD  _cpct_drawSpriteMasked             cpct_sprites
     000023DC  _cpct_memset_f64                   cpct_memutils
     00002424  _cpct_nextRandom_mxor_u32          cpct_random
     00002424  cpct_nextRandom_mxor_u32_asm       cpct_random
     00002447  ___sdcc_call_hl                    
     00002448  _cpct_hflipSpriteM0                cpct_sprites
     0000248C  _cpct_setVideoMode                 cpct_video
     0000249A  _cpct_px2byteM0                    cpct_sprites
     000024B6  _cpct_memset                       cpct_memutils
     000024C4  _strlen                            
     000024D3  _cpct_drawSolidBox                 cpct_sprites
     0000258B  __modschar                         
     00002598  __modsint                          
ASxxxx Linker V03.00 + NoICE + sdld,  page 4.
Hexadecimal  [32-Bits]

Area                                    Addr        Size        Decimal Bytes (Attributes)
--------------------------------        ----        ----        ------- ----- ------------
_CODE                               00000138    00002511 =        9489. bytes (REL,CON)

      Value  Global                              Global Defined In Module
      -----  --------------------------------   ------------------------
     000025A4  _cpct_mode_rom_status              cpct_firmware
     000025A5  _cpct_getScreenPtr                 cpct_video
     000025C5  _cpct_setInterruptHandler          cpct_firmware
     000025C5  cpct_setInterruptHandler_asm       cpct_firmware
     000025D6  cpct_safeInterruptHandlerHook      cpct_firmware
     000025ED  __divsint                          
     000025F6  __divschar                         
     000025FD  __div8                             
     00002601  __div_signexte                     
     00002605  __div16                            
     0000262B  __get_remainder                    
     00002635  _cpct_mxor32_seed                  cpct_random
     00002639  dc_mode0_ct                        cpct_strings
ASxxxx Linker V03.00 + NoICE + sdld,  page 5.
Hexadecimal  [32-Bits]

Area                                    Addr        Size        Decimal Bytes (Attributes)
--------------------------------        ----        ----        ------- ----- ------------
_DATA                               00002649    00000002 =           2. bytes (REL,CON)

      Value  Global                              Global Defined In Module
      -----  --------------------------------   ------------------------
     00002649  _i                                 audio

ASxxxx Linker V03.00 + NoICE + sdld,  page 6.
Hexadecimal  [32-Bits]

Area                                    Addr        Size        Decimal Bytes (Attributes)
--------------------------------        ----        ----        ------- ----- ------------
_INITIALIZED                        0000264B    00000009 =           9. bytes (REL,CON)

      Value  Global                              Global Defined In Module
      -----  --------------------------------   ------------------------
     0000264B  _vblPosition                       txt_scroll
     0000264D  _nFileNameLen                      jdvapi_floppy
     0000264E  _intCounter                        main
     0000264F  _hScroll                           main
     00002650  _slow                              main
     00002651  _callback_counter                  jdvapi_sync
     00002652  _aFunction                         jdvapi_sync

ASxxxx Linker V03.00 + NoICE + sdld,  page 7.
Hexadecimal  [32-Bits]

Area                                    Addr        Size        Decimal Bytes (Attributes)
--------------------------------        ----        ----        ------- ----- ------------
_INITIALIZER                        00002654    00000009 =           9. bytes (REL,CON)

      Value  Global                              Global Defined In Module
      -----  --------------------------------   ------------------------
ASxxxx Linker V03.00 + NoICE + sdld,  page 8.

Files Linked                              [ module(s) ]

obj/txt_scroll.rel                        [ txt_scroll ]
obj/jdvapi_floppy.rel                     [ jdvapi_floppy ]
obj/audio.rel                             [ audio ]
obj/main.rel                              [ main ]
obj/jdvapi_sync.rel                       [ jdvapi_sync ]
obj/schtroumpf.rel                        [ schtroumpf ]
obj/fontmap20x22.rel                      [ fontmap20x22 ]


Libraries Linked                          [ object file ]

/home/freemac/cpctelera/cpctelera/cpctelera.lib
                                          [ cpct_setPalette_cbindings.rel ]
/home/freemac/cpctelera/cpctelera/cpctelera.lib
                                          [ cpct_isKeyPressed.rel ]
/home/freemac/cpctelera/cpctelera/cpctelera.lib
                                          [ cpct_scanKeyboard_f.rel ]
/home/freemac/cpctelera/cpctelera/cpctelera.lib
                                          [ cpct_setPALColour_cbindings.rel ]
/home/freemac/cpctelera/cpctelera/cpctelera.lib
                                          [ cpct_setVideoMemoryOffset.rel ]
/home/freemac/cpctelera/cpctelera/cpctelera.lib
                                          [ cpct_drawSprite_cbindings.rel ]
/home/freemac/cpctelera/cpctelera/tools/sdcc-3.6.8-r9946/bin/../share/sdcc/lib/z80/z80.lib
                                          [ modunsigned.rel ]
/home/freemac/cpctelera/cpctelera/tools/sdcc-3.6.8-r9946/bin/../share/sdcc/lib/z80/z80.lib
                                          [ divunsigned.rel ]
/home/freemac/cpctelera/cpctelera/cpctelera.lib
                                          [ keyboard.rel ]
/home/freemac/cpctelera/cpctelera/cpctelera.lib
                                          [ cpct_setSeed_mxor.rel ]
/home/freemac/cpctelera/cpctelera/cpctelera.lib
                                          [ cpct_restoreState_mxor_u8.rel ]
/home/freemac/cpctelera/cpctelera/cpctelera.lib
                                          [ cpct_getRandom_mxor_u8.rel ]
/home/freemac/cpctelera/cpctelera/cpctelera.lib
                                          [ cpct_drawSpriteMasked_cbindings. ]
/home/freemac/cpctelera/cpctelera/cpctelera.lib
                                          [ cpct_memset_f64_cbinding.rel ]
/home/freemac/cpctelera/cpctelera/cpctelera.lib
                                          [ cpct_nextRandom_mxor_u32.rel ]
/home/freemac/cpctelera/cpctelera/tools/sdcc-3.6.8-r9946/bin/../share/sdcc/lib/z80/z80.lib
                                          [ __sdcc_call_hl.rel ]
/home/freemac/cpctelera/cpctelera/cpctelera.lib
                                          [ cpct_hflipSpriteM0_cbindings.rel ]
/home/freemac/cpctelera/cpctelera/cpctelera.lib
                                          [ cpct_setVideoMode_cbindings.rel ]
/home/freemac/cpctelera/cpctelera/cpctelera.lib
                                          [ cpct_px2byteM0_cbindings.rel ]
/home/freemac/cpctelera/cpctelera/cpctelera.lib
                                          [ cpct_memset_cbinding.rel ]
/home/freemac/cpctelera/cpctelera/tools/sdcc-3.6.8-r9946/bin/../share/sdcc/lib/z80/z80.lib
                                          [ strlen.rel ]
/home/freemac/cpctelera/cpctelera/cpctelera.lib
                                          [ cpct_drawSolidBox_cbindings.rel ]
/home/freemac/cpctelera/cpctelera/tools/sdcc-3.6.8-r9946/bin/../share/sdcc/lib/z80/z80.lib
                                          [ modsigned.rel ]
/home/freemac/cpctelera/cpctelera/cpctelera.lib
                                          [ cpc_mode_rom_status.rel ]
/home/freemac/cpctelera/cpctelera/cpctelera.lib
                                          [ cpct_getScreenPtr_cbindings.rel ]
/home/freemac/cpctelera/cpctelera/cpctelera.lib
                                          [ cpct_setInterruptHandler.rel ]
/home/freemac/cpctelera/cpctelera/tools/sdcc-3.6.8-r9946/bin/../share/sdcc/lib/z80/z80.lib
                                          [ divsigned.rel ]
/home/freemac/cpctelera/cpctelera/cpctelera.lib
                                          [ cpct_mxor32_seed.rel ]
/home/freemac/cpctelera/cpctelera/cpctelera.lib
                                          [ cpct_dc_mode0_ct.rel ]

ASxxxx Linker V03.00 + NoICE + sdld,  page 9.

User Base Address Definitions

_CODE = 0x0138
_DATA = 0x0000

